

================================================================
== Vitis HLS Report for 'shadow_hls'
================================================================
* Date:           Tue Sep  8 12:00:13 2026

* Version:        2026.1 (Build 6493734 on Jun 16 2026)
* Project:        config_flow
* Solution:       hls (Vivado IP Flow Target)
* Product family: zynq
* Target device:  xc7z020-clg484-1


================================================================
== Performance Estimates
================================================================
+ Timing: 
    * Summary: 
    +--------+----------+----------+------------+
    |  Clock |  Target  | Estimated| Uncertainty|
    +--------+----------+----------+------------+
    |ap_clk  |  10.00 ns|  6.912 ns|     2.70 ns|
    +--------+----------+----------+------------+

+ Latency: 
    * Summary: 
    +---------+---------+----------+-----------+-----+------+---------+
    |  Latency (cycles) |  Latency (absolute)  |  Interval  | Pipeline|
    |   min   |   max   |    min   |    max    | min |  max |   Type  |
    +---------+---------+----------+-----------+-----+------+---------+
    |       28|     2550|  0.280 us|  25.500 us|   29|  2551|       no|
    +---------+---------+----------+-----------+-----+------+---------+

    + Detail: 
        * Instance: 
        +------------------------------------------------+-------------------------------------+---------+---------+----------+----------+-----+-----+-------------------+
        |                                                |                                     |  Latency (cycles) |  Latency (absolute) |  Interval |      Pipeline     |
        |                    Instance                    |                Module               |   min   |   max   |    min   |    max   | min | max |        Type       |
        +------------------------------------------------+-------------------------------------+---------+---------+----------+----------+-----+-----+-------------------+
        |grp_shadow_hls_Pipeline_VITIS_LOOP_14_1_fu_264  |shadow_hls_Pipeline_VITIS_LOOP_14_1  |       26|       26|  0.260 us|  0.260 us|    0|    0|  loop pipeline stp|
        +------------------------------------------------+-------------------------------------+---------+---------+----------+----------+-----+-----+-------------------+

        * Loop: 
        +----------+---------+---------+----------+-----------+-----------+--------+----------+
        |          |  Latency (cycles) | Iteration|  Initiation Interval  |  Trip  |          |
        | Loop Name|   min   |   max   |  Latency |  achieved |   target  |  Count | Pipelined|
        +----------+---------+---------+----------+-----------+-----------+--------+----------+
        |- rows    |        8|     2400|   8 ~ 100|          -|          -|  1 ~ 24|        no|
        | + cols   |        4|       96|         4|          -|          -|  1 ~ 24|        no|
        |- dot     |        5|      120|         5|          -|          -|  1 ~ 24|        no|
        +----------+---------+---------+----------+-----------+-----------+--------+----------+



================================================================
== Utilization Estimates
================================================================
* Summary: 
+-----------------+---------+-----+--------+-------+-----+
|       Name      | BRAM_18K| DSP |   FF   |  LUT  | URAM|
+-----------------+---------+-----+--------+-------+-----+
|DSP              |        -|    -|       -|      -|    -|
|Expression       |        -|    -|       0|    450|    -|
|FIFO             |        -|    -|       -|      -|    -|
|Instance         |        -|    4|     172|    103|    -|
|Memory           |        0|    -|      32|     12|    0|
|Multiplexer      |        -|    -|       0|    287|    -|
|Register         |        -|    -|     334|      -|    -|
+-----------------+---------+-----+--------+-------+-----+
|Total            |        0|    4|     538|    852|    0|
+-----------------+---------+-----+--------+-------+-----+
|Available        |      280|  220|  106400|  53200|    0|
+-----------------+---------+-----+--------+-------+-----+
|Utilization (%)  |        0|    1|      ~0|      1|    0|
+-----------------+---------+-----+--------+-------+-----+

+ Detail: 
    * Instance: 
    +------------------------------------------------+-------------------------------------+---------+----+-----+----+-----+
    |                    Instance                    |                Module               | BRAM_18K| DSP|  FF | LUT| URAM|
    +------------------------------------------------+-------------------------------------+---------+----+-----+----+-----+
    |mul_32s_32s_64_2_1_U3                           |mul_32s_32s_64_2_1                   |        0|   4|  165|  50|    0|
    |grp_shadow_hls_Pipeline_VITIS_LOOP_14_1_fu_264  |shadow_hls_Pipeline_VITIS_LOOP_14_1  |        0|   0|    7|  53|    0|
    +------------------------------------------------+-------------------------------------+---------+----+-----+----+-----+
    |Total                                           |                                     |        0|   4|  172| 103|    0|
    +------------------------------------------------+-------------------------------------+---------+----+-----+----+-----+

    * DSP: 
    N/A

    * Memory: 
    +-------+-----------------+---------+----+----+-----+------+-----+------+-------------+
    | Memory|      Module     | BRAM_18K| FF | LUT| URAM| Words| Bits| Banks| W*Bits*Banks|
    +-------+-----------------+---------+----+----+-----+------+-----+------+-------------+
    |y_U    |y_RAM_AUTO_1R1W  |        0|  32|  12|    0|    24|   32|     1|          768|
    +-------+-----------------+---------+----+----+-----+------+-----+------+-------------+
    |Total  |                 |        0|  32|  12|    0|    24|   32|     1|          768|
    +-------+-----------------+---------+----+----+-----+------+-----+------+-------------+

    * FIFO: 
    N/A

    * Expression: 
    +-----------------------+----------+----+---+----+------------+------------+
    |     Variable Name     | Operation| DSP| FF| LUT| Bitwidth P0| Bitwidth P1|
    +-----------------------+----------+----+---+----+------------+------------+
    |add_ln19_fu_406_p2     |         +|   0|  0|  13|           5|           1|
    |add_ln22_fu_457_p2     |         +|   0|  0|  13|           5|           1|
    |add_ln25_fu_472_p2     |         +|   0|  0|  13|          10|          10|
    |add_ln34_fu_544_p2     |         +|   0|  0|  13|           5|           1|
    |q_3_fu_573_p2          |         +|   0|  0|  60|          53|          53|
    |sum_1_fu_527_p2        |         +|   0|  0|  60|          53|          53|
    |sub_ln25_fu_436_p2     |         -|   0|  0|  13|          10|          10|
    |icmp_ln11_1_fu_296_p2  |      icmp|   0|  0|  13|           5|           5|
    |icmp_ln11_fu_290_p2    |      icmp|   0|  0|  13|           5|           1|
    |icmp_ln19_fu_401_p2    |      icmp|   0|  0|  13|           5|           5|
    |icmp_ln22_fu_452_p2    |      icmp|   0|  0|  13|           5|           5|
    |icmp_ln28_fu_492_p2    |      icmp|   0|  0|  29|          22|           1|
    |icmp_ln29_fu_498_p2    |      icmp|   0|  0|  60|          53|          33|
    |icmp_ln2_1_fu_315_p2   |      icmp|   0|  0|  13|           5|           3|
    |icmp_ln2_2_fu_327_p2   |      icmp|   0|  0|  13|           5|           3|
    |icmp_ln2_3_fu_339_p2   |      icmp|   0|  0|  13|           5|           4|
    |icmp_ln2_4_fu_351_p2   |      icmp|   0|  0|  13|           5|           4|
    |icmp_ln2_5_fu_363_p2   |      icmp|   0|  0|  13|           5|           4|
    |icmp_ln2_6_fu_375_p2   |      icmp|   0|  0|  13|           5|           4|
    |icmp_ln2_fu_309_p2     |      icmp|   0|  0|  13|           5|           2|
    |icmp_ln34_fu_539_p2    |      icmp|   0|  0|  13|           5|           5|
    |direction_we0          |        or|   0|  0|   2|           1|           1|
    |error                  |        or|   0|  0|   2|           1|           1|
    |or_ln2_1_fu_333_p2     |        or|   0|  0|   2|           1|           1|
    |or_ln2_2_fu_345_p2     |        or|   0|  0|   2|           1|           1|
    |or_ln2_3_fu_357_p2     |        or|   0|  0|   2|           1|           1|
    |or_ln2_4_fu_369_p2     |        or|   0|  0|   2|           1|           1|
    |or_ln2_5_fu_381_p2     |        or|   0|  0|   2|           1|           1|
    |or_ln2_6_fu_387_p2     |        or|   0|  0|   2|           1|           1|
    |or_ln2_fu_321_p2       |        or|   0|  0|   2|           1|           1|
    |y_we0                  |        or|   0|  0|   2|           1|           1|
    +-----------------------+----------+----+---+----+------------+------------+
    |Total                  |          |   0|  0| 450|         286|         218|
    +-----------------------+----------+----+---+----+------------+------------+

    * Multiplexer: 
    +-------------------------+----+-----------+-----+-----------+
    |           Name          | LUT| Input Size| Bits| Total Bits|
    +-------------------------+----+-----------+-----+-----------+
    |ap_NS_fsm                |  65|         16|    1|         16|
    |c_reg_230                |   9|          2|    5|         10|
    |direction_address0       |   9|          2|    5|         10|
    |direction_ce0            |   9|          2|    1|          2|
    |direction_d0             |   9|          2|   32|         64|
    |direction_we0            |   9|          2|    1|          2|
    |grp_fu_272_p0            |  14|          3|   32|         96|
    |grp_fu_272_p1            |  14|          3|   32|         96|
    |i_1_fu_124               |   9|          2|    5|         10|
    |q_fu_128                 |   9|          2|   53|        106|
    |quadratic_new_0_reg_253  |   9|          2|   53|        106|
    |r_fu_120                 |   9|          2|    5|         10|
    |saturated                |  14|          3|    1|          3|
    |sum_reg_241              |   9|          2|   53|        106|
    |vector_address0_local    |  14|          3|    5|         15|
    |y_address0               |   9|          2|    5|         10|
    |y_address0_local         |  20|          4|    5|         20|
    |y_ce0                    |   9|          2|    1|          2|
    |y_d0                     |   9|          2|   32|         64|
    |y_d0_local               |  20|          4|   32|        128|
    |y_we0                    |   9|          2|    1|          2|
    +-------------------------+----+-----------+-----+-----------+
    |Total                    | 287|         64|  360|        878|
    +-------------------------+----+-----------+-----+-----------+

    * Register: 
    +-------------------------------------------------------------+----+----+-----+-----------+
    |                             Name                            | FF | LUT| Bits| Const Bits|
    +-------------------------------------------------------------+----+----+-----+-----------+
    |add_ln19_reg_608                                             |   5|   0|    5|          0|
    |add_ln22_reg_641                                             |   5|   0|    5|          0|
    |ap_CS_fsm                                                    |  15|   0|   15|          0|
    |c_reg_230                                                    |   5|   0|    5|          0|
    |dim_read_reg_588                                             |   5|   0|    5|          0|
    |grp_shadow_hls_Pipeline_VITIS_LOOP_14_1_fu_264_ap_start_reg  |   1|   0|    1|          0|
    |i_1_fu_124                                                   |   5|   0|    5|          0|
    |q_fu_128                                                     |  53|   0|   53|          0|
    |quadratic_new_0_reg_253                                      |  53|   0|   53|          0|
    |r_fu_120                                                     |   5|   0|    5|          0|
    |reg_286                                                      |  48|   0|   48|          0|
    |sub_ln25_reg_619                                             |   7|   0|   10|          3|
    |sum_reg_241                                                  |  53|   0|   53|          0|
    |vector_load_reg_700                                          |  32|   0|   32|          0|
    |y_addr_1_reg_659                                             |   5|   0|    5|          0|
    |y_load_reg_705                                               |  32|   0|   32|          0|
    |zext_ln19_reg_613                                            |   5|   0|   64|         59|
    +-------------------------------------------------------------+----+----+-----+-----------+
    |Total                                                        | 334|   0|  396|         62|
    +-------------------------------------------------------------+----+----+-----+-----------+



================================================================
== Interface
================================================================
* Summary: 
+--------------------+-----+-----+------------+--------------+--------------+
|      RTL Ports     | Dir | Bits|  Protocol  | Source Object|    C Type    |
+--------------------+-----+-----+------------+--------------+--------------+
|ap_clk              |   in|    1|  ap_ctrl_hs|    shadow_hls|  return value|
|ap_rst              |   in|    1|  ap_ctrl_hs|    shadow_hls|  return value|
|ap_start            |   in|    1|  ap_ctrl_hs|    shadow_hls|  return value|
|ap_done             |  out|    1|  ap_ctrl_hs|    shadow_hls|  return value|
|ap_idle             |  out|    1|  ap_ctrl_hs|    shadow_hls|  return value|
|ap_ready            |  out|    1|  ap_ctrl_hs|    shadow_hls|  return value|
|matrix_address0     |  out|   10|   ap_memory|        matrix|         array|
|matrix_ce0          |  out|    1|   ap_memory|        matrix|         array|
|matrix_q0           |   in|   32|   ap_memory|        matrix|         array|
|vector_address0     |  out|    5|   ap_memory|        vector|         array|
|vector_ce0          |  out|    1|   ap_memory|        vector|         array|
|vector_q0           |   in|   32|   ap_memory|        vector|         array|
|dim                 |   in|    5|     ap_none|           dim|        scalar|
|direction_address0  |  out|    5|   ap_memory|     direction|         array|
|direction_ce0       |  out|    1|   ap_memory|     direction|         array|
|direction_we0       |  out|    1|   ap_memory|     direction|         array|
|direction_d0        |  out|   32|   ap_memory|     direction|         array|
|quadratic           |  out|   64|      ap_vld|     quadratic|       pointer|
|quadratic_ap_vld    |  out|    1|      ap_vld|     quadratic|       pointer|
|saturated           |  out|    1|      ap_vld|     saturated|       pointer|
|saturated_ap_vld    |  out|    1|      ap_vld|     saturated|       pointer|
|error               |  out|    1|      ap_vld|         error|       pointer|
|error_ap_vld        |  out|    1|      ap_vld|         error|       pointer|
+--------------------+-----+-----+------------+--------------+--------------+

