Copyright 1986-2022 Xilinx, Inc. All Rights Reserved. Copyright 2022-2026 Advanced Micro Devices, Inc. All Rights Reserved.
---------------------------------------------------------------------------------------------------------------------------------------------
| Tool Version : Vivado v.2026.1 (lin64) Build 6511674 Tue Jun 16 11:01:26 MDT 2026
| Date         : Sun Sep 13 14:13:36 2026
| Host         : [hostname redacted] running 64-bit Ubuntu 26.04.1 LTS
| Command      : report_drc -file <coprocessor>/src/reports/routed_drc.rpt
| Design       : shadow_accel_bd_wrapper
| Device       : xc7z020clg484-1
| Speed File   : -1
| Design State : Fully Routed
---------------------------------------------------------------------------------------------------------------------------------------------

Report DRC

Table of Contents
-----------------
1. REPORT SUMMARY
2. REPORT DETAILS

1. REPORT SUMMARY
-----------------
            Netlist: netlist
          Floorplan: impl_1
      Design limits: <entire design considered>
           Ruledeck: default
             Max checks: <unlimited>
             Checks found: 6
+--------+----------+------------------------+--------+
| Rule   | Severity | Description            | Checks |
+--------+----------+------------------------+--------+
| DPOP-1 | Warning  | PREG Output pipelining | 2      |
| DPOP-2 | Warning  | MREG Output pipelining | 4      |
+--------+----------+------------------------+--------+

2. REPORT DETAILS
-----------------
DPOP-1#1 Warning
PREG Output pipelining  
DSP shadow_accel_bd_i/shadow_accel/inst/accel_inst/core_inst/u_hls/mul_32s_32s_64_4_1_U3/tmp_product output shadow_accel_bd_i/shadow_accel/inst/accel_inst/core_inst/u_hls/mul_32s_32s_64_4_1_U3/tmp_product/P[47:0] is not pipelined (PREG=0). Pipelining the DSP48 output will improve performance and often saves power so it is suggested whenever possible to fully pipeline this function.  If this DSP48 function was inferred, it is suggested to describe an additional register stage after this function.  If the DSP48 was instantiated in the design, it is suggested to set the PREG attribute to 1.
Related violations: <none>

DPOP-1#2 Warning
PREG Output pipelining  
DSP shadow_accel_bd_i/shadow_accel/inst/accel_inst/core_inst/u_hls/mul_32s_32s_64_4_1_U3/tmp_product__0 output shadow_accel_bd_i/shadow_accel/inst/accel_inst/core_inst/u_hls/mul_32s_32s_64_4_1_U3/tmp_product__0/P[47:0] is not pipelined (PREG=0). Pipelining the DSP48 output will improve performance and often saves power so it is suggested whenever possible to fully pipeline this function.  If this DSP48 function was inferred, it is suggested to describe an additional register stage after this function.  If the DSP48 was instantiated in the design, it is suggested to set the PREG attribute to 1.
Related violations: <none>

DPOP-2#1 Warning
MREG Output pipelining  
DSP shadow_accel_bd_i/shadow_accel/inst/accel_inst/core_inst/u_hls/mul_32s_32s_64_4_1_U3/buff0_reg multiplier stage shadow_accel_bd_i/shadow_accel/inst/accel_inst/core_inst/u_hls/mul_32s_32s_64_4_1_U3/buff0_reg/P[47:0] is not pipelined (MREG=0). Pipelining the multiplier function will improve performance and will save significant power so it is suggested whenever possible to fully pipeline this function.  If this multiplier was inferred, it is suggested to describe an additional register stage after this function.  If there is no registered adder/accumulator following the multiply function, two pipeline stages are suggested to allow both the MREG and PREG registers to be used.  If the DSP48 was instantiated in the design, it is suggested to set both the MREG and PREG attributes to 1 when performing multiply functions.
Related violations: <none>

DPOP-2#2 Warning
MREG Output pipelining  
DSP shadow_accel_bd_i/shadow_accel/inst/accel_inst/core_inst/u_hls/mul_32s_32s_64_4_1_U3/buff0_reg__0 multiplier stage shadow_accel_bd_i/shadow_accel/inst/accel_inst/core_inst/u_hls/mul_32s_32s_64_4_1_U3/buff0_reg__0/P[47:0] is not pipelined (MREG=0). Pipelining the multiplier function will improve performance and will save significant power so it is suggested whenever possible to fully pipeline this function.  If this multiplier was inferred, it is suggested to describe an additional register stage after this function.  If there is no registered adder/accumulator following the multiply function, two pipeline stages are suggested to allow both the MREG and PREG registers to be used.  If the DSP48 was instantiated in the design, it is suggested to set both the MREG and PREG attributes to 1 when performing multiply functions.
Related violations: <none>

DPOP-2#3 Warning
MREG Output pipelining  
DSP shadow_accel_bd_i/shadow_accel/inst/accel_inst/core_inst/u_hls/mul_32s_32s_64_4_1_U3/tmp_product multiplier stage shadow_accel_bd_i/shadow_accel/inst/accel_inst/core_inst/u_hls/mul_32s_32s_64_4_1_U3/tmp_product/P[47:0] is not pipelined (MREG=0). Pipelining the multiplier function will improve performance and will save significant power so it is suggested whenever possible to fully pipeline this function.  If this multiplier was inferred, it is suggested to describe an additional register stage after this function.  If there is no registered adder/accumulator following the multiply function, two pipeline stages are suggested to allow both the MREG and PREG registers to be used.  If the DSP48 was instantiated in the design, it is suggested to set both the MREG and PREG attributes to 1 when performing multiply functions.
Related violations: <none>

DPOP-2#4 Warning
MREG Output pipelining  
DSP shadow_accel_bd_i/shadow_accel/inst/accel_inst/core_inst/u_hls/mul_32s_32s_64_4_1_U3/tmp_product__0 multiplier stage shadow_accel_bd_i/shadow_accel/inst/accel_inst/core_inst/u_hls/mul_32s_32s_64_4_1_U3/tmp_product__0/P[47:0] is not pipelined (MREG=0). Pipelining the multiplier function will improve performance and will save significant power so it is suggested whenever possible to fully pipeline this function.  If this multiplier was inferred, it is suggested to describe an additional register stage after this function.  If there is no registered adder/accumulator following the multiply function, two pipeline stages are suggested to allow both the MREG and PREG registers to be used.  If the DSP48 was instantiated in the design, it is suggested to set both the MREG and PREG attributes to 1 when performing multiply functions.
Related violations: <none>


